"blank"				"=========================="
"blank"				"Communication"
"blank"				"=========================="
"+voicerecord"				"Use voice communication"
"messagemode"				"Chat message"
"messagemode2"				"Team message"
"blank"				"=========================="
"blank"				"Car Controls"
"blank"				"=========================="
"+forward"				"Accelerate"
"+back"					"Brake / Reverse"
"+left"					"Turn left"
"+right"				"Turn right"
"gearup"				"Shift Up"
"geardown"				"Shift Down"
"impulse 100"				"Head Lights"
"+horn"					"Horn"
"+jump"					"Handbrake"
"blank"				"=========================="
"blank"				"HL Rally Controls"
"blank"				"=========================="
"firstperson"				"In Car View"
"thirdperson"				"Rear View"
"changeview"				"Change view"
"+cammousemove"				"Camera Pan"
"+camdistance"				"Camera Zoom"
"selectcar"				"Select Car"
"specnext"				"Next Spectator Target"
"specprev"				"Previous Spectator Target"
"addbot"				"Add Bot"
"blank"				"=========================="
"blank"				"MP3 Player Controls"
"blank"				"=========================="
"mp3player"				"Toggle MP3 Player"
"mp3cmd play"				"Play MP3"
"mp3cmd pause"				"Pause playback"
"mp3cmd stop"				"Stop playback"
"mp3cmd next"				"Next track"
"mp3cmd prev"				"Previous track"
"mp3cmd shuffle"			"Shuffle playback"
"mp3cmd repeat"				"Repeat playback"
"blank"				"=========================="
"blank"				"Miscellaneous"
"blank"				"=========================="
"+showscores"				"Display multiplayer scores"
"snapshot"				"Take screen shot"
"quit"					"Quit game"