189	" "
190	"Learn how to drive HL-Rally Vehicles!"
191	"Load to a saved place in the training tracks."
192	"Save your place in the training tracks, or load a past save."
193	"Change HL-Rally's video, audio, and control settings."
194	"Read Half-Life's readme.txt."
196	"Quit HL-Rally."
198	"Get online and play HL-Rally with others from around the world."
323	"Disable graphic visuals. If this is turned on, HL-Rally will not be playable."
324	"Download the latest version of Half-Life: Rally."
398	"If the server allows it, this option will help you aim at enemies."
391	"Check this box and enter password to disable visuals inappropriate for younger players and multiplayer.  Anyone wishing to change this setting will need to use this password. IMPORTANT NOTE:  If this is turned on, Counter-Strike will not be playable."
400	"Read the official HL-Rally Manual, learn how to play."
402	"hlrally\manual\manual.htm"
416	"Visit hlrally.net"
417	"www.hlrally.net"
426	"Get the latest updates, official news, and see the entire HL-Rally Network!"
503	"Disabled."
530	"Play/download other mods, or go back to Half-Life."